Unable to validate mesh name | Short Description: Invalid mesh name | Probable Cause: %s is not a valid mesh name or is unsupported.CILIUM | Suggested Remediation: Enter a valid mesh name
Unable to create a response from requestGet "http://localhost:9081/api/system/sync": no responder found | Short Description: Failed to handle request | Probable Cause: Error occurred while generating a response | Suggested Remediation: Check your network connection and the status of Meshery Server via `mesheryctl system status`. | Short Description: Unable to fetch session data | Probable Cause: Unable to get session from server | Suggested Remediation: Check your network connection and verify the status of the Meshery server with `mesheryctl system status`.
Verifying prerequisites...
Unable to create a response from requestGet "http://localhost:9081/api/system/sync": no responder found | Short Description: Failed to handle request | Probable Cause: Error occurred while generating a response | Suggested Remediation: Check your network connection and the status of Meshery Server via `mesheryctl system status`. | Short Description: Unable to fetch session data | Probable Cause: Unable to get session from server | Suggested Remediation: Check your network connection and verify the status of the Meshery server with `mesheryctl system status`.
